// Jest Snapshot v1, https://goo.gl/fbAQLP

exports[`<Accordion> renders without children 1`] = `
<withHandlers(Accordion)
  setExpanded={[Function]}
/>
`;
