// Jest Snapshot v1, https://goo.gl/fbAQLP

exports[`AlignmentBoxWithLabel is rendered correctly 1`] = `
.c2 {
  box-shadow: inset 0 0 0 2px rgba(255,255,255,1);
  cursor: pointer;
  height: 26px;
  width: 17px;
  border-style: solid;
  border-color: #666;
  border-top-width: 1px;
  border-right-width: 1px;
  border-bottom-width: 1px;
  border-left-width: 1px;
  background-color: transparent;
}

.c2:hover {
  background-color: #b3b3b3;
}

.c0 {
  -webkit-align-items: center;
  -webkit-box-align: center;
  -ms-flex-align: center;
  align-items: center;
  display: -webkit-box;
  display: -webkit-flex;
  display: -ms-flexbox;
  display: flex;
  -webkit-flex-direction: row;
  -ms-flex-direction: row;
  flex-direction: row;
}

.c1 {
  color: #0d78f2;
  font-size: 16px;
  font-style: italic;
  margin-left: 0;
  margin-right: 10px;
  -webkit-order: 0;
  -ms-flex-order: 0;
  order: 0;
}

<div
  className="c0"
>
  <span
    className="c1"
  >
    Left
  </span>
  <div
    className="c2"
    id="left"
    onClick={[Function]}
    role="presentation"
  />
</div>
`;
