// Jest Snapshot v1, https://goo.gl/fbAQLP

exports[`Checkbox Group is rendered correctly 1`] = `
<div
  className="ggGKkU"
>
  <label
    checked={false}
    className="fcsPpP"
  >
    <input
      checked={false}
      className="jGzFqE"
      onChange={[Function]}
      type="checkbox"
      value="one"
    />
    <span
      checked={false}
      className="eDCunu"
    >
      One
    </span>
  </label>
  <label
    checked={false}
    className="fcsPpP"
  >
    <input
      checked={false}
      className="jGzFqE"
      onChange={[Function]}
      type="checkbox"
      value="two"
    />
    <span
      checked={false}
      className="eDCunu"
    >
      Two
    </span>
  </label>
  <label
    checked={false}
    className="fcsPpP"
  >
    <input
      checked={false}
      className="jGzFqE"
      onChange={[Function]}
      type="checkbox"
      value="three"
    />
    <span
      checked={false}
      className="eDCunu"
    >
      Three
    </span>
  </label>
</div>
`;
