// Jest Snapshot v1, https://goo.gl/fbAQLP

exports[`FilePicker renders correctly 1`] = `
<div>
  <input
    accept={Array []}
    disabled={false}
    onChange={[Function]}
    style={
      Object {
        "display": "none",
      }
    }
    type="file"
  />
  <div
    onClick={[Function]}
    onKeyPress={[Function]}
    tabIndex={0}
  >
    Upload something
  </div>
</div>
`;
