// Jest Snapshot v1, https://goo.gl/fbAQLP

exports[`Files renders correctly 1`] = `
Array [
  .c0 {
  background: transparent;
  border: dashed;
  height: calc( * 3);
  cursor: pointer;
  margin-bottom: calc( * 3);
}

<button
    className="c0"
    onClick={[Function]}
    type="button"
  >
    â†‘ Choose a file to upload
  </button>,
  <input
    multiple={true}
    onChange={[Function]}
    style={
      Object {
        "display": "none",
      }
    }
    type="file"
  />,
  .c0 {
  display: -webkit-box;
  display: -webkit-flex;
  display: -ms-flexbox;
  display: flex;
  -webkit-flex-direction: column;
  -ms-flex-direction: column;
  flex-direction: column;
  -webkit-box-pack: left;
  -webkit-justify-content: left;
  -ms-flex-pack: left;
  justify-content: left;
}

<div
    className="c0"
  />,
]
`;
