// Jest Snapshot v1, https://goo.gl/fbAQLP

exports[`<List> renders 1`] = `
ShallowWrapper {
  Symbol(enzyme.__root__): [Circular],
  Symbol(enzyme.__unrendered__): <List />,
  Symbol(enzyme.__renderer__): Object {
    "batchedUpdates": [Function],
    "getNode": [Function],
    "render": [Function],
    "simulateError": [Function],
    "simulateEvent": [Function],
    "unmount": [Function],
  },
  Symbol(enzyme.__node__): Object {
    "instance": null,
    "key": undefined,
    "nodeType": "function",
    "props": Object {
      "children": Array [],
    },
    "ref": null,
    "rendered": Array [],
    "type": Object {
      "$$typeof": Symbol(react.forward_ref),
      "attrs": Array [
        Object {
          "data-test-id": [Function],
        },
      ],
      "componentStyle": ComponentStyle {
        "componentId": "sc-cIShpX",
        "isStatic": false,
        "rules": Array [
          "
  display: flex;
  flex-direction: column;

  ",
          [Function],
          ";
",
        ],
      },
      "displayName": "styled.div",
      "render": [Function],
      "styledComponentId": "sc-cIShpX",
      "target": "div",
      "toString": [Function],
      "warnTooManyClasses": [Function],
      "withComponent": [Function],
    },
  },
  Symbol(enzyme.__nodes__): Array [
    Object {
      "instance": null,
      "key": undefined,
      "nodeType": "function",
      "props": Object {
        "children": Array [],
      },
      "ref": null,
      "rendered": Array [],
      "type": Object {
        "$$typeof": Symbol(react.forward_ref),
        "attrs": Array [
          Object {
            "data-test-id": [Function],
          },
        ],
        "componentStyle": ComponentStyle {
          "componentId": "sc-cIShpX",
          "isStatic": false,
          "rules": Array [
            "
  display: flex;
  flex-direction: column;

  ",
            [Function],
            ";
",
          ],
        },
        "displayName": "styled.div",
        "render": [Function],
        "styledComponentId": "sc-cIShpX",
        "target": "div",
        "toString": [Function],
        "warnTooManyClasses": [Function],
        "withComponent": [Function],
      },
    },
  ],
  Symbol(enzyme.__options__): Object {
    "adapter": ReactSixteenAdapter {
      "options": Object {
        "enableComponentDidUpdateOnSetState": true,
        "lifecycles": Object {
          "componentDidUpdate": Object {
            "onSetState": true,
          },
          "getDerivedStateFromProps": true,
          "getSnapshotBeforeUpdate": true,
          "setState": Object {
            "skipsComponentDidUpdateOnNullish": true,
          },
        },
      },
    },
  },
}
`;
