// Jest Snapshot v1, https://goo.gl/fbAQLP

exports[`Radio Group is rendered correctly 1`] = `
.c2 {
  display: none;
}

.c4 {
  display: inline-block;
  content: ' ';
  width: calc(var(--sub-grid-unit) * 2);
  height: calc(var(--sub-grid-unit) * 2);
  vertical-align: center;
  margin-left: var(--sub-grid-unit);
  margin-right: var(--sub-grid-unit);
  border: calc(var(--sub-grid-unit) / 4) solid white;
  border-radius: 50%;
  -webkit-transition: border var(--transition-duration-xs) var(--transition-timing-function);
  transition: border var(--transition-duration-xs) var(--transition-timing-function);
  color: black;
}

.c6 {
  display: inline-block;
  font-family: inherit;
  font-size: var(--font-size-base);
  font-style: italic;
}

.c1 {
  -webkit-align-items: center;
  -webkit-box-align: center;
  -ms-flex-align: center;
  align-items: center;
  cursor: pointer;
  display: -webkit-box;
  display: -webkit-flex;
  display: -ms-flexbox;
  display: flex;
  -webkit-transition: all var(--transition-duration);
  transition: all var(--transition-duration);
  min-height: var(--grid-unit);
  color: black;
}

.c1:not(:last-child) {
  margin-right: 0;
  margin-bottom: 0;
}

.c1 .c3 {
  background: transparent;
  box-shadow: 0 0 0 var(--border-width) currentcolor;
}

.c1:hover .c5 {
  color: var(--color-primary);
}

.c1:hover .c3 {
  -webkit-animation-name: kLnLOV;
  animation-name: kLnLOV;
  -webkit-animation-duration: var(--transition-duration-s);
  animation-duration: var(--transition-duration-s);
  box-shadow: 0 0 0 var(--border-width) var(--color-primary);
}

.c0 {
  display: -webkit-box;
  display: -webkit-flex;
  display: -ms-flexbox;
  display: flex;
  -webkit-flex-direction: column;
  -ms-flex-direction: column;
  flex-direction: column;
}

<div
  className="c0"
>
  <label
    checked={false}
    className="c1"
    color="black"
  >
    <input
      checked={false}
      className="c2"
      disabled={undefined}
      name="TestName"
      onChange={[Function]}
      required={true}
      type="radio"
      value="yes"
    />
     
    <span
      className="c3 c4"
      color="black"
    />
     
    <span
      className="c5 c6"
    >
       
      Yes
       
    </span>
     
  </label>
  <label
    checked={false}
    className="c1"
    color="black"
  >
    <input
      checked={false}
      className="c2"
      disabled={undefined}
      name="TestName"
      onChange={[Function]}
      required={true}
      type="radio"
      value="no"
    />
     
    <span
      className="c3 c4"
      color="black"
    />
     
    <span
      className="c5 c6"
    >
       
      No
       
    </span>
     
  </label>
  <label
    checked={false}
    className="c1"
    color="black"
  >
    <input
      checked={false}
      className="c2"
      disabled={undefined}
      name="TestName"
      onChange={[Function]}
      required={true}
      type="radio"
      value="maybe"
    />
     
    <span
      className="c3 c4"
      color="black"
    />
     
    <span
      className="c5 c6"
    >
       
      Maybe
       
    </span>
     
  </label>
</div>
`;
