// Jest Snapshot v1, https://goo.gl/fbAQLP

exports[`StateItem is rendered correctly 1`] = `
.c0 {
  cursor: pointer;
  font-family: var(--font-interface);
  font-size: 16px;
  font-style: italic;
  padding: 0;
}

.c0:focus {
  outline: none;
}

.c0:hover {
  color: #404040;
  -webkit-transition: 0.25s ease-in-out 0s;
  transition: 0.25s ease-in-out 0s;
}

<span
  className="c0"
  disabled={false}
  onClick={[Function]}
  onKeyPress={[Function]}
  role="button"
  tabIndex="0"
>
  Cleaning
</span>
`;
