// Jest Snapshot v1, https://goo.gl/fbAQLP

exports[`Yes or No is rendered corrctly 1`] = `
.c2 {
  display: none;
}

.c4 {
  display: inline-block;
  content: ' ';
  width: calc(8px * 2);
  height: calc(8px * 2);
  vertical-align: center;
  margin-left: 8px;
  margin-right: 8px;
  border: calc(8px / 4) solid white;
  border-radius: 50%;
  -webkit-transition: border 0.1s ease;
  transition: border 0.1s ease;
  color: black;
}

.c6 {
  display: inline-block;
  font-family: inherit;
  font-size: 18px;
  font-style: italic;
}

.c1 {
  -webkit-align-items: center;
  -webkit-box-align: center;
  -ms-flex-align: center;
  align-items: center;
  cursor: pointer;
  display: -webkit-inline-box;
  display: -webkit-inline-flex;
  display: -ms-inline-flexbox;
  display: inline-flex;
  -webkit-transition: all 1s;
  transition: all 1s;
  min-height: 32px;
  color: black;
}

.c1:not(:last-child) {
  margin-right: 32px;
  margin-bottom: 0;
}

.c1 .c3 {
  background: transparent;
  box-shadow: 0 0 0 1px currentcolor;
}

.c1:hover .c5 {
  color: black;
}

.c1:hover .c3 {
  -webkit-animation-name: kLnLOV;
  animation-name: kLnLOV;
  -webkit-animation-duration: 0.2s;
  animation-duration: 0.2s;
  box-shadow: 0 0 0 1px black;
}

.c0 {
  display: -webkit-box;
  display: -webkit-flex;
  display: -ms-flexbox;
  display: flex;
  -webkit-flex-direction: row;
  -ms-flex-direction: row;
  flex-direction: row;
  -webkit-box-pack: left;
  -webkit-justify-content: left;
  -ms-flex-pack: left;
  justify-content: left;
}

<div
  className="c0"
>
  <label
    checked={false}
    className="c1"
    color="black"
  >
    <input
      checked={false}
      className="c2"
      disabled={undefined}
      name="TestName"
      onChange={[Function]}
      required={undefined}
      type="radio"
      value="yes"
    />
     
    <span
      className="c3 c4"
      color="black"
    />
     
    <span
      className="c5 c6"
    >
       
      Yes
       
    </span>
     
  </label>
  <label
    checked={false}
    className="c1"
    color="black"
  >
    <input
      checked={false}
      className="c2"
      disabled={undefined}
      name="TestName"
      onChange={[Function]}
      required={undefined}
      type="radio"
      value="no"
    />
     
    <span
      className="c3 c4"
      color="black"
    />
     
    <span
      className="c5 c6"
    >
       
      No
       
    </span>
     
  </label>
</div>
`;
